============================= test session starts ==============================
platform linux -- Python 3.11.12, pytest-8.3.5, pluggy-1.6.0 -- /root/.pyenv/versions/3.11.12/bin/python3.11
cachedir: .pytest_cache
rootdir: /workspace/Quantum-A.I.-Large-Language-Model-Agent-L.L.M.A-
plugins: anyio-4.9.0
collecting ... collected 1 item

quantum L.L.M.A/tests.py::TestEncryptionManager::test_encryption_decryption PASSED [100%]

- generated xml file: /workspace/Quantum-A.I.-Large-Language-Model-Agent-L.L.M.A-/pytest_results.xml -
============================== 1 passed in 0.04s ===============================
